--- math tests ---
PASS: fabs(-5)
PASS: fabs(3.14)
PASS: fabs(0)
PASS: sqrt(4)
PASS: sqrt(2)
PASS: sqrt(0)
PASS: sqrt(1)
PASS: sin(0)
PASS: sin(pi/2)
PASS: sin(pi)
PASS: cos(0)
PASS: cos(pi)
PASS: cos(pi/2)
PASS: tan(0)
PASS: tan(pi/4)
PASS: exp(0)
PASS: exp(1)
PASS: log(1)
PASS: log(e)
PASS: log10(100)
PASS: log2(8)
PASS: pow(2,10)
PASS: pow(3,0)
PASS: pow(2,0.5)
PASS: atan(1)
PASS: atan2(1,1)
PASS: atan2(0,1)
PASS: atan2(1,0)
PASS: asin(0)
PASS: asin(1)
PASS: acos(1)
PASS: acos(0)
PASS: floor(3.7)
PASS: floor(-3.2)
PASS: ceil(3.2)
PASS: ceil(-3.7)
PASS: round(3.5)
PASS: trunc(3.9)
PASS: trunc(-3.9)
PASS: fmod(5.3,2)
PASS: copysign(3,-1)
PASS: copysign(-3,1)
PASS: ldexp(1,10)
PASS: frexp(8) frac
PASS: frexp(8) exp
PASS: sinh(0)
PASS: cosh(0)
PASS: tanh(0)

48 passed, 0 failed
